Status: FIXED ✓ VERIFIED OK

Title: Пароли хранятся в plain text; session не валидируется
File: src/lib/auth.js
Line: 1-30
Severity: major
Type: security

Description:
1. Пароли хранятся в виде plain text (`user.password == password`). Нет хеширования (bcrypt, argon2 и т.д.).
2. Session expiration не работает: `expires: new Date().toGMTString()` устанавливает время истечения в текущий момент. Сервер НИКОГДА не проверяет `session.expires` при `authenticateUser` или в `auth` обработчике сокета — sessionID никогда не проверяется на существование или валидность.
3. Данные пользователей хранятся в памяти (`let users = [];`) — при перезапуске сервера все пользователи и сессии теряются.

Why it matters:
- Любой кто получит доступ к памяти сервера (дамп, process inspector) увидит все пароли.
- Session ID никогда не истекает — если sessionID скомпрометирован (например через XSS из ошибки #5), злоумышленник может навсегда подменить пользователя.
- Данные теряются при рестарте — игроки не могут сохранить аккаунты.

Affected code:
```
// src/lib/auth.js, line 7
    if (user.username == username && user.password == password) {  // plaintext comparison
      let session = {
        id: generateSessionID(),
        expires: new Date().toGMTString()  // ← set to NOW, never checked
      }
      ...

// src/index.js, line 164 (auth handler) — sessionID never validated
  socket.on('auth', (sessionID, matchId) => {
    ...
    // sessionID is used but NEVER checked against stored sessions
  });
```
