Status: FIXED ✓ VERIFIED OK
Title: Приватный матч — stale socket reference при отключении создателя до входа соперника
File: src/lib/matchmaking.js
Line: 66-78
Severity: major
Type: логический баг

Description:
В `findPrivateMatch`, когда первый игрок создает приватную игру, он назначается `match.player1Socket`. Если этот игрок отключается (reload, закрытие вкладки) ДО того, как второй игрок перейдет по ссылке, `player1Socket` останется ссылкой на отключенный socket.

Когда второй игрок приходит по ссылке, `findPrivateMatch` видит `match.player1Socket` (truthy, но disconnected), назначает себя `player2Socket`, и вызывает `startMatch`. `startMatch` делает `matches[i].player1Socket.emit('startGame', ...)` — это emit на отключенный сокет, который молча падает. Игра не стартует.

Серверный обработчик `disconnect` очищает таймеры, но не сбрасывает `player1Socket`/`player2Socket` в `null`.

Why it matters:
Если создатель приватной игры отключается перед подключением соперника, игра не начнется. Второй игрок по ссылке окажется в тупике — `findPrivateMatch` вернет 1 (успех), но `startGame` не будет отправлен никому.

Affected code:
```
// src/lib/matchmaking.js, lines 66-78
export function findPrivateMatch(playerSocket, matchId) {
  for(let match of matches) {
    if (match.matchId === matchId && match.private) {
      if (match.player1Socket) {  // ← truthy but could be a disconnected socket
        match.player2Socket = playerSocket;
        startMatch(matchId);  // ← emit to stale player1Socket
        return 1;
      } else {
        match.player1Socket = playerSocket;
        return 1;
      }
    }
  }
  return 0;
}

// src/lib/matchmaking.js, lines 82-84
function startMatch(i) {
  matches[i].player1Socket.emit('startGame', 0, i);  // ← silent fail if disconnected
  matches[i].player2Socket.emit('startGame', 1, i);
}
```
